55 
48 89 E5 
31 D9 
31 C0 
5D 
C3 
0F 05 
05 EC 
05 00 EC 00 EC 05 
05 00 00 00 EC 00 00 00 34 12 EC 05 
